// Vitest Snapshot v1, https://vitest.dev/guide/snapshot.html

exports[`generates types from GraphQL SDL file 1`] = `
"import { __typename, Nullable } from '../../../src/Schema/schema2.js'
export namespace $ {
export interface Index {
Root: {
Query: Root.Query
Mutation: null
Subscription: null
}
objects: {
Foo: Object.Foo
Bar: Object.Bar
ObjectNested: Object.ObjectNested
Object: Object.Object
Object1ImplementingInterface: Object.Object1ImplementingInterface
Object2ImplementingInterface: Object.Object2ImplementingInterface
}
unionMemberNames: {
FooBarUnion: "Foo"
| "Bar"
}
unions: {
Union: Union.FooBarUnion
}
scalars: Scalars
}
export interface Scalars {
ID: string
String: string
Int: number
Float: number
Boolean: boolean
}
}

// ------------------------------------------------------------ //
//                             Root                             //
// ------------------------------------------------------------ //

export namespace Root {
export interface Query {
__typename: __typename<"Query">
interface: {
type: Nullable<{
kind: "named"
named: Interface.Interface
}>
namedType: Interface.Interface
args: null
}
id: {
type: Nullable<{
kind: "named"
named: $.Scalars["ID"]
}>
namedType: $.Scalars["ID"]
args: null
}
idNonNull: {
type: {
kind: "named"
named: $.Scalars["ID"]
}
namedType: $.Scalars["ID"]
args: null
}
string: {
type: Nullable<{
kind: "named"
named: $.Scalars["String"]
}>
namedType: $.Scalars["String"]
args: null
}
stringWithRequiredArg: {
type: Nullable<{
kind: "named"
named: $.Scalars["String"]
}>
namedType: $.Scalars["String"]
args: {
type: {
string: $.Scalars["String"]
}
allOptional: false
}
}
stringWithArgs: {
type: Nullable<{
kind: "named"
named: $.Scalars["String"]
}>
namedType: $.Scalars["String"]
args: {
type: {
string?: $.Scalars["String"] | null
int?: $.Scalars["Int"] | null
float?: $.Scalars["Float"] | null
boolean?: $.Scalars["Boolean"] | null
id?: $.Scalars["ID"] | null
}
allOptional: true
}
}
object: {
type: Nullable<{
kind: "named"
named: Object.Object
}>
namedType: Object.Object
args: null
}
listListIntNonNull: {
type: {
kind: "list"
type: {
kind: "list"
type: {
kind: "named"
named: $.Scalars["Int"]
}
}
}
namedType: $.Scalars["Int"]
args: null
}
listListInt: {
type: {
kind: "nullable"
type: {
kind: "list"
type: {
kind: "nullable"
type: {
kind: "list"
type: Nullable<{
kind: "named"
named: $.Scalars["Int"]
}>
}
}
}
}
namedType: $.Scalars["Int"]
args: null
}
listInt: {
type: {
kind: "nullable"
type: {
kind: "list"
type: Nullable<{
kind: "named"
named: $.Scalars["Int"]
}>
}
}
namedType: $.Scalars["Int"]
args: null
}
listIntNonNull: {
type: {
kind: "list"
type: {
kind: "named"
named: $.Scalars["Int"]
}
}
namedType: $.Scalars["Int"]
args: null
}
objectNested: {
type: Nullable<{
kind: "named"
named: Object.ObjectNested
}>
namedType: Object.ObjectNested
args: null
}
objectNonNull: {
type: {
kind: "named"
named: Object.Object
}
namedType: Object.Object
args: null
}
objectWithArgs: {
type: Nullable<{
kind: "named"
named: Object.Object
}>
namedType: Object.Object
args: {
type: {
string?: $.Scalars["String"] | null
int?: $.Scalars["Int"] | null
float?: $.Scalars["Float"] | null
boolean?: $.Scalars["Boolean"] | null
id?: $.Scalars["ID"] | null
}
allOptional: true
}
}
fooBarUnion: {
type: Nullable<{
kind: "named"
named: Union.FooBarUnion
}>
namedType: Union.FooBarUnion
args: null
}
/**
* Query enum field documentation.
*/
abcEnum: {
type: Nullable<{
kind: "named"
named: Enum.ABCEnum
}>
namedType: Enum.ABCEnum
args: null
}
}
}

// ------------------------------------------------------------ //
//                             Enum                             //
// ------------------------------------------------------------ //

export namespace Enum {
/**
* Enum documentation.
* 
* Members
* "A" - (DEPRECATED: Enum value A is deprecated.)
* "B" - Enum B member documentation.
* "C" - Enum C member documentation. (DEPRECATED: Enum value C is deprecated.)
*/
export type ABCEnum =
| "A"
| "B"
| "C"
}

// ------------------------------------------------------------ //
//                         InputObject                          //
// ------------------------------------------------------------ //

export namespace InputObject {
// -- no types --

}

// ------------------------------------------------------------ //
//                          Interface                           //
// ------------------------------------------------------------ //

export namespace Interface {
export interface Interface {
__interfacename: "Interface"
type: {
id: {
type: Nullable<{
kind: "named"
named: $.Scalars["ID"]
}>
namedType: $.Scalars["ID"]
args: null
}
}
implementors: Object.Object1ImplementingInterface
| Object.Object2ImplementingInterface
}
}

// ------------------------------------------------------------ //
//                            Object                            //
// ------------------------------------------------------------ //

export namespace Object {
/**
* Object documentation.
*/
export interface Foo {
__typename: __typename<"Foo">
/**
* Field documentation.
* 
* @deprecated Field a is deprecated.
*/
id: {
type: Nullable<{
kind: "named"
named: $.Scalars["ID"]
}>
namedType: $.Scalars["ID"]
args: null
}
}

export interface Bar {
__typename: __typename<"Bar">
int: {
type: Nullable<{
kind: "named"
named: $.Scalars["Int"]
}>
namedType: $.Scalars["Int"]
args: null
}
}

export interface ObjectNested {
__typename: __typename<"ObjectNested">
id: {
type: Nullable<{
kind: "named"
named: $.Scalars["ID"]
}>
namedType: $.Scalars["ID"]
args: null
}
object: {
type: Nullable<{
kind: "named"
named: Object.Object
}>
namedType: Object.Object
args: null
}
}

export interface Object {
__typename: __typename<"Object">
string: {
type: Nullable<{
kind: "named"
named: $.Scalars["String"]
}>
namedType: $.Scalars["String"]
args: null
}
int: {
type: Nullable<{
kind: "named"
named: $.Scalars["Int"]
}>
namedType: $.Scalars["Int"]
args: null
}
float: {
type: Nullable<{
kind: "named"
named: $.Scalars["Float"]
}>
namedType: $.Scalars["Float"]
args: null
}
boolean: {
type: Nullable<{
kind: "named"
named: $.Scalars["Boolean"]
}>
namedType: $.Scalars["Boolean"]
args: null
}
id: {
type: Nullable<{
kind: "named"
named: $.Scalars["ID"]
}>
namedType: $.Scalars["ID"]
args: null
}
}

export interface Object1ImplementingInterface {
__typename: __typename<"Object1ImplementingInterface">
id: {
type: Nullable<{
kind: "named"
named: $.Scalars["ID"]
}>
namedType: $.Scalars["ID"]
args: null
}
int: {
type: Nullable<{
kind: "named"
named: $.Scalars["Int"]
}>
namedType: $.Scalars["Int"]
args: null
}
}

export interface Object2ImplementingInterface {
__typename: __typename<"Object2ImplementingInterface">
id: {
type: Nullable<{
kind: "named"
named: $.Scalars["ID"]
}>
namedType: $.Scalars["ID"]
args: null
}
boolean: {
type: Nullable<{
kind: "named"
named: $.Scalars["Boolean"]
}>
namedType: $.Scalars["Boolean"]
args: null
}
}
}

// ------------------------------------------------------------ //
//                            Union                             //
// ------------------------------------------------------------ //

export namespace Union {
/**
* Union documentation.
*/
export interface FooBarUnion {
__unionname: "FooBarUnion"
type: Object.Foo
| Object.Bar
}
}"
`;
