// Vitest Snapshot v1, https://vitest.dev/guide/snapshot.html

exports[`generates types from GraphQL SDL file 1`] = `
"export namespace $ {
export interface Index {
Root: {
Query: Root.Query
Mutation: null
Subscription: null
}
unions: {
Union: Union.FooBarUnion
}
scalars: Scalars
}
export interface Scalars {

    String: string
Int: number
Float: number
Boolean: boolean
ID: string
  
}
}

// ------------------------------------------------------------ //
//                             Root                             //
// ------------------------------------------------------------ //

export namespace Root {
export interface Query {
__typename: "Query"
string: $.Scalars["String"] | null
scalars: Object.Scalars | null
fooBarUnion: Union.FooBarUnion | null
/**
* Query enum field documentation.
*/
abcEnum: Enum.ABCEnum | null
}
}

// ------------------------------------------------------------ //
//                             Enum                             //
// ------------------------------------------------------------ //

export namespace Enum {
/**
* Enum documentation.
* 
* Members
* "A" - (DEPRECATED: Enum value A is deprecated.)
* "B" - Enum B member documentation.
* "C" - Enum C member documentation. (DEPRECATED: Enum value C is deprecated.)
*/
export type ABCEnum =
| "A"
| "B"
| "C"
}

// ------------------------------------------------------------ //
//                         InputObject                          //
// ------------------------------------------------------------ //

export namespace InputObject {
// -- no types --

}

// ------------------------------------------------------------ //
//                          Interface                           //
// ------------------------------------------------------------ //

export namespace Interface {
// -- no types --

}

// ------------------------------------------------------------ //
//                            Object                            //
// ------------------------------------------------------------ //

export namespace Object {
/**
* Object documentation.
*/
export interface Foo {
__typename: "Foo"
/**
* Field documentation.
* 
* @deprecated Field a is deprecated.
*/
a: $.Scalars["String"] | null
}

export interface Bar {
__typename: "Bar"
b: $.Scalars["Int"] | null
}

export interface Scalars {
__typename: "Scalars"
a: $.Scalars["String"] | null
b: $.Scalars["Int"] | null
c: $.Scalars["Float"] | null
d: $.Scalars["Boolean"] | null
e: $.Scalars["ID"] | null
}
}

// ------------------------------------------------------------ //
//                            Union                             //
// ------------------------------------------------------------ //

export namespace Union {
/**
* Union documentation.
*/
export type FooBarUnion =
| Object.Foo& { $$union:true}
| Object.Bar& { $$union:true}
}"
`;
