// Jest Snapshot v1, https://goo.gl/fbAQLP

exports[`gql passthrough allowing benefits of tooling for gql template tag 1`] = `
Object {
  "requests": Array [
    Object {
      "body": Object {
        "operationName": "allUsers",
        "query": "query allUsers {
  users
}",
      },
      "headers": Object {
        "accept": "*/*",
        "accept-encoding": "gzip,deflate",
        "connection": "close",
        "content-length": "67",
        "content-type": "application/json",
        "host": "DYNAMIC",
        "user-agent": "node-fetch/1.0 (+https://github.com/bitinn/node-fetch)",
      },
      "method": "POST",
    },
  ],
  "spec": Object {
    "body": Object {
      "data": Object {
        "foo": 1,
      },
    },
  },
}
`;
